{
    "seed": 4822153085218522833,
    "samples": [
        {
            "unAddress": "\u001a񽡯]x\u000e"
        },
        {
            "unAddress": "^𓓗nx𘾭0\u000c"
        },
        {
            "unAddress": "\r,𷗊4~󕹮񀕢󝡞j娏\u0017+\u001f𢛏\u0000;5o6򀢶񽬜\u0019@\u0018Tf(񆒆'"
        },
        {
            "unAddress": "\rr\u000b.|\u0011_󻗠󌲲4Ur+"
        },
        {
            "unAddress": ")5*\u0017<\u0017"
        }
    ]
}