{
    "seed": -6365760850023716443,
    "samples": [
        "6I|;\u001e>󜨃\u0000\u001aw󀧃Dm<>\u0007 R󐘍T󪱳l\u0016",
        "\u0010,􁍠\u0005򹹂򃯑xK􊇥(񵆷𒊥>\u001frSA,k򔪃I$@}𘍆",
        ":",
        "􆞉\u0004\u000e񃠢}B~𛕧򛉬\u0002_|񞘈𞞿󯽻iB",
        "\u0010;񦧀P=4j񾘫񿞬𨾚\u00085-]bQ\tv􆣯\u0016h"
    ]
}