{
    "seed": -969904570790492986,
    "samples": [
        "`",
        "\u0003",
        "\u0006\u0014GEr򖪮𒌃􉷵5 󪎦Tr",
        "l_",
        "%+\u000bLv<jF\u0000\u0012Q򡑛=E[\\}񐭟sh>}򙨋"
    ]
}