{
    "seed": 864280219115164004,
    "samples": [
        "ò‰†ŸF",
        "ó½¢°*ò ‘¸|K4Tò›–§,'`ó°¼°N\u0019LiV",
        "Mð—‚›ð•‹©Wk>",
        "ó‚¿¼n\\",
        "ð¢¼¸ò°‹„\u001eð¼³Žwdó‰®š\t\u001d"
    ]
}