{
    "seed": 2046042330443213073,
    "samples": [
        [
            {
                "tag": "ValueNone"
            },
            {
                "tag": "ValueString",
                "contents": "S\u0016\u001a6\u0015l\u000f\u0015"
            }
        ],
        [
            {
                "tag": "ValueLeft",
                "contents": {
                    "tag": "ValueMap",
                    "contents": [
                        [
                            {
                                "tag": "ValueBytes",
                                "contents": "(vÛ∑£∫aGq\u0005,\"n=\nx}"
                            },
                            {
                                "tag": "ValueRight",
                                "contents": {
                                    "tag": "ValueFalse"
                                }
                            }
                        ]
                    ]
                }
            },
            {
                "tag": "ValueSeq",
                "contents": []
            }
        ],
        [
            {
                "tag": "ValueTrue"
            },
            {
                "tag": "ValueInt",
                "contents": -21
            }
        ],
        [
            {
                "tag": "ValuePair",
                "contents": [
                    {
                        "tag": "ValueSome",
                        "contents": {
                            "tag": "ValueNone"
                        }
                    },
                    {
                        "tag": "ValueSeq",
                        "contents": [
                            {
                                "tag": "ValueSeq",
                                "contents": [
                                    {
                                        "tag": "ValueSeq",
                                        "contents": []
                                    },
                                    {
                                        "tag": "ValueBytes",
                                        "contents": "5\u001f;.,\tEJíÆép'JN:TÛ¥Ωª~%Ò∑¨ÅX"
                                    },
                                    {
                                        "tag": "ValueInt",
                                        "contents": -18
                                    }
                                ]
                            },
                            {
                                "tag": "ValueInt",
                                "contents": 22
                            }
                        ]
                    }
                ]
            },
            {
                "tag": "ValueString",
                "contents": "NÙäéë$Ò¥ü©9"
            }
        ],
        [
            {
                "tag": "ValueLambda",
                "contents": [
                    {
                        "unOp": {
                            "tag": "IMPLICIT_ACCOUNT",
                            "contents": "w(,9%te[Ú¢êæC\u001a}fÛ¨∞≠7b\u001e\u001a\\X\u0001ÒÖôé`ÙÜûã\u0004úæë"
                        }
                    }
                ]
            },
            {
                "tag": "ValueNone"
            }
        ]
    ]
}