{
    "seed": -6870397933167805539,
    "samples": [
        [
            {
                "tag": "ValueLeft",
                "contents": {
                    "tag": "ValueLambda",
                    "contents": [
                        {
                            "unOp": {
                                "tag": "PACK",
                                "contents": "~𼨡𨩺sL𥏅񒬟V􇖈񼧅𾀐d"
                            }
                        },
                        {
                            "unOp": {
                                "tag": "UNIT",
                                "contents": [
                                    "{􆔽\r\u0015`\u0007+P񣩅򢞦\u0005d}񼶅\u0010y󜔫7󂝺j`󇃍{g󤦇B",
                                    "\u0001V\u0008\u001d\u0010R\u00126b\"\u001d'y\u001a󰓝\tdJ\"$c)\u0004HC\u0005"
                                ]
                            }
                        },
                        {
                            "unOp": {
                                "tag": "IF_CONS",
                                "contents": [
                                    [],
                                    [
                                        {
                                            "unOp": {
                                                "tag": "LT",
                                                "contents": "򼬺\u0011R񄆸\u0017󈲳􍱁󁱩0\u000c󋷔Ah𵟢񽭍<B"
                                            }
                                        }
                                    ]
                                ]
                            }
                        }
                    ]
                }
            },
            {
                "tag": "ValueLambda",
                "contents": []
            }
        ],
        [
            {
                "tag": "ValueString",
                "contents": "򚌴MS^g@2su\u0007fy}\u0000󭴁\u0005\u0004򷣁o\u0006O󏢹\u0001qS\rY \u001d"
            },
            {
                "tag": "ValueUnit"
            }
        ],
        [
            {
                "tag": "ValueLeft",
                "contents": {
                    "tag": "ValueLambda",
                    "contents": [
                        {
                            "unOp": {
                                "tag": "AMOUNT",
                                "contents": "_\u0000f\t󗾌\u001dj\u000f\u0010`\u0007󆸤3"
                            }
                        },
                        {
                            "unOp": {
                                "tag": "NIL",
                                "contents": [
                                    "z>\u0017\u0004\u0010󅧄𙡝\\𠨨W򔨪\u001c\u00123_l𦶅3󉓂",
                                    "?A𼎶sh\u001e㣨1~򫗵\u0018e౱Fih󁩏渆=%􏀴𛺑{z",
                                    [
                                        {
                                            "tag": "T_contract",
                                            "contents": [
                                                {
                                                    "tag": "T_signature"
                                                },
                                                "\u001e\rxB\u000e񘪘52\u001f~T\u001axK|\u001c򯿿gHU$G񤷪;𷣻\u0002z򫻑"
                                            ]
                                        },
                                        "\u000c\" "
                                    ]
                                ]
                            }
                        }
                    ]
                }
            },
            {
                "tag": "ValueRight",
                "contents": {
                    "tag": "ValueNone"
                }
            }
        ],
        [
            {
                "tag": "ValueBytes",
                "contents": "~y󓭶P\u0011񯊨"
            },
            {
                "tag": "ValueBytes",
                "contents": "򁘒󈃞y\u000e 3\u0010"
            }
        ],
        [
            {
                "tag": "ValueLambda",
                "contents": [
                    {
                        "unOp": {
                            "tag": "RENAME",
                            "contents": "\u0003\nA\u0010_\u0018򏼊~5\u0005KQ񢙸|󓭢?:`뮸𸏡sW򦿱*򴁇GF􍕯񇲾"
                        }
                    },
                    {
                        "unOp": {
                            "tag": "CREATE_CONTRACT",
                            "contents": [
                                "F,8<F2L𺨅An\u0006\u0003]򕾧\u0000򝥔8\u000fI󸟺r󴂡BG\r\u001dU-^",
                                "\u001cC􄜉L\r8P9󁣸Jir?{󰊹Hml:HY󰿆󍭗poJ}򙚎\u001d\u0000"
                            ]
                        }
                    }
                ]
            },
            {
                "tag": "ValueLeft",
                "contents": {
                    "tag": "ValueFalse"
                }
            }
        ]
    ]
}