{
    "seed": 2631694870383515920,
    "samples": [
        {
            "tag": "CONS",
            "contents": "e2^𛧋)\u0012򑆭皠򔙩\u0005*\u00173\n򫀯"
        },
        {
            "tag": "EMPTY_MAP",
            "contents": [
                ";򕲽y𯜍\u0016S𱯕C1\u0006R𥓂󹒦񊬪񤣁eU^'",
                "x,;C/򚻺񱧈򯄢l3񷴢",
                [
                    "T_key_hash",
                    "`\u001dKq\u0003BG𣽿;|>\u0003{񦶇\u001b󎈊)g2)\n?eSGU\u0003g"
                ],
                [
                    {
                        "tag": "T_or",
                        "contents": [
                            "j%g@𰥰󒶺\u0010",
                            "f hO\u0007\u001d@\u0019󟙌wn\u0011>so񉵫)4*",
                            [
                                {
                                    "tag": "T_unit"
                                },
                                "񜢹o</"
                            ],
                            [
                                {
                                    "tag": "T_map",
                                    "contents": [
                                        [
                                            "T_nat",
                                            "h<N;Zg󟪈v+hN4LB񡮯'/0/uUc"
                                        ],
                                        [
                                            {
                                                "tag": "T_lambda",
                                                "contents": [
                                                    [
                                                        {
                                                            "tag": "T_unit"
                                                        },
                                                        "T:X(\u0012p\u000b\\V𽗊񖼄򑟚E"
                                                    ],
                                                    [
                                                        {
                                                            "tag": "T_key"
                                                        },
                                                        "Y8"
                                                    ]
                                                ]
                                            },
                                            "rmG񤾩JR,0򙒅j񡏊񧾟8𸭴򍳁U4\u0004.cWnqU\u0017\u0016􏾎\r`"
                                        ]
                                    ]
                                },
                                "v󳲙󁂿󿃍C\u0012N\u0001\u0008\u001c9󓖿Y\u0011v\u001f\nGf]8m"
                            ]
                        ]
                    },
                    "񞦌𰮷\u0001fV򃚖?&\\X맧󷰱oRpS\n􍶂"
                ]
            ]
        },
        {
            "tag": "EXEC",
            "contents": "%\u001aU%}\u0003}\r~򎇈\u0017󂏊󱫫*\u000e(."
        },
        {
            "tag": "NEG"
        },
        {
            "tag": "SENDER",
            "contents": "󳴘;𿈱𭋯d򄩳񤋍\u0012A-\u0014g"
        }
    ]
}