{
    "seed": -5546498425000469526,
    "samples": [
        {
            "tag": "HASH_KEY",
            "contents": "7~fww󑐵"
        },
        {
            "tag": "GET",
            "contents": "wc󘏓􈀉\u0017h󇹍񃥒%Xm\u000f\u0017|򶺕\u000c\u0011\u0017񵩟"
        },
        {
            "tag": "SWAP"
        },
        {
            "tag": "CONTRACT",
            "contents": [
                "󊎸w%{򲻧\u001f/t򉍓\u0017p򤇩\u00024~\u000cKmh%􎶒򤏇𿑒~\u0013r𵩱h/",
                [
                    {
                        "tag": "T_map",
                        "contents": [
                            [
                                "T_string",
                                "񶄀X\u0015񜴓"
                            ],
                            [
                                {
                                    "tag": "T_signature"
                                },
                                "?d坧\u000fg񜿈\u001b\u0005!:򜛅񤉱ॖ_񑥕h󹋺~"
                            ]
                        ]
                    },
                    ".~\u0011\u0014񏲒\u0002󇘦\u0008 0"
                ]
            ]
        },
        {
            "tag": "UNIT",
            "contents": [
                "󝇂\u0006#S[[Z#򞤊|",
                "J+j򍏻x'󠳧񴠟;ur󄐑񙈶\u0013l6=񲸵\u001cd0\u0018R"
            ]
        }
    ]
}