{
    "seed": 2506112060325629632,
    "samples": [
        {
            "unMutez": 9702846
        },
        {
            "unMutez": 5547335
        },
        {
            "unMutez": 2194996
        },
        {
            "unMutez": 4621676
        },
        {
            "unMutez": 11493804
        }
    ]
}