{
    "seed": -7807821941410882002,
    "samples": [
        {
            "unOp": {
                "tag": "CONCAT",
                "contents": "\u0015򵐚U򆣀򔢐\u0008\u0018k"
            }
        },
        {
            "unOp": {
                "tag": "GET",
                "contents": "\u0006)\rA󰏈Yo"
            }
        },
        {
            "unOp": {
                "tag": "SOURCE",
                "contents": "L\u000f󤥥m4򏻉\u001ar\u000e\u000ekyarQUH1\u0007"
            }
        },
        {
            "unOp": {
                "tag": "ADDRESS",
                "contents": "o󽚑\u001f\u000e􃓅a󧬈~^X\u0002x\u0014򉧺R\u001a|8\u000bdE񂞭 񸬣8M򓙼"
            }
        },
        {
            "unOp": {
                "tag": "SENDER",
                "contents": "7񖣸q \u000c`d\u0019?򺝲\u0002\u001f򸹺sE𤮭9"
            }
        }
    ]
}