{
    "seed": -2717146978322444541,
    "samples": [
        {
            "unTimestamp": 15395428
        },
        {
            "unTimestamp": 11620980
        },
        {
            "unTimestamp": 8201234
        },
        {
            "unTimestamp": 10844124
        },
        {
            "unTimestamp": 14256941
        }
    ]
}