{
    "seed": 4833151696393972579,
    "samples": [
        {
            "tag": "ValueRight",
            "contents": {
                "tag": "ValueMap",
                "contents": [
                    [
                        {
                            "tag": "ValueBytes",
                            "contents": "t}\u0008򛄼{@􎼆𮏼0'27K񟝑W\u0006r򘫀MO]\u0010\u0013𯀺y"
                        },
                        {
                            "tag": "ValueFalse"
                        }
                    ],
                    [
                        {
                            "tag": "ValueRight",
                            "contents": {
                                "tag": "ValueFalse"
                            }
                        },
                        {
                            "tag": "ValueBytes",
                            "contents": "򡆴򥤶il\u001d\u0018󞑤h󈐁𴐫O5\u0011ퟁ󰤨jK;C𣮋\u0019.\u0008\u0017c\u001f"
                        }
                    ]
                ]
            }
        },
        {
            "tag": "ValueSome",
            "contents": {
                "tag": "ValueTrue"
            }
        },
        {
            "tag": "ValueMap",
            "contents": [
                [
                    {
                        "tag": "ValueRight",
                        "contents": {
                            "tag": "ValueSeq",
                            "contents": []
                        }
                    },
                    {
                        "tag": "ValueBytes",
                        "contents": "\u0003􁛨򠂤9{gD󰆄፱u\u0019񷥧&(7,l\u0008\u001f"
                    }
                ],
                [
                    {
                        "tag": "ValueMap",
                        "contents": [
                            [
                                {
                                    "tag": "ValueString",
                                    "contents": "􀆰\\=@o\u0014\u001bPH[t𣳙|BP(($񤫐H񧞰\u0008A\u000cN𩼾񲜁\u0010\u0008F"
                                },
                                {
                                    "tag": "ValueFalse"
                                }
                            ],
                            [
                                {
                                    "tag": "ValuePair",
                                    "contents": [
                                        {
                                            "tag": "ValueSeq",
                                            "contents": []
                                        },
                                        {
                                            "tag": "ValueMap",
                                            "contents": [
                                                [
                                                    {
                                                        "tag": "ValueSome",
                                                        "contents": {
                                                            "tag": "ValueFalse"
                                                        }
                                                    },
                                                    {
                                                        "tag": "ValueSeq",
                                                        "contents": []
                                                    }
                                                ]
                                            ]
                                        }
                                    ]
                                },
                                {
                                    "tag": "ValueInt",
                                    "contents": 19
                                }
                            ]
                        ]
                    },
                    {
                        "tag": "ValueSeq",
                        "contents": [
                            {
                                "tag": "ValueSome",
                                "contents": {
                                    "tag": "ValueRight",
                                    "contents": {
                                        "tag": "ValueRight",
                                        "contents": {
                                            "tag": "ValueSeq",
                                            "contents": [
                                                {
                                                    "tag": "ValueNone"
                                                }
                                            ]
                                        }
                                    }
                                }
                            },
                            {
                                "tag": "ValueLambda",
                                "contents": [
                                    {
                                        "unOp": {
                                            "tag": "STEPS_TO_QUOTA",
                                            "contents": "^\"񰇒oइ4Mb^v𽓽$'m񅴓𣀨񾀑,\u0003"
                                        }
                                    },
                                    {
                                        "unOp": {
                                            "tag": "RENAME",
                                            "contents": "񊖻\u000e"
                                        }
                                    }
                                ]
                            }
                        ]
                    }
                ],
                [
                    {
                        "tag": "ValueLambda",
                        "contents": []
                    },
                    {
                        "tag": "ValueBytes",
                        "contents": ""
                    }
                ]
            ]
        },
        {
            "tag": "ValueUnit"
        },
        {
            "tag": "ValueSome",
            "contents": {
                "tag": "ValueSeq",
                "contents": [
                    {
                        "tag": "ValueTrue"
                    },
                    {
                        "tag": "ValuePair",
                        "contents": [
                            {
                                "tag": "ValueNone"
                            },
                            {
                                "tag": "ValueLambda",
                                "contents": [
                                    {
                                        "unOp": {
                                            "tag": "ITER",
                                            "contents": []
                                        }
                                    },
                                    {
                                        "unOp": {
                                            "tag": "EXEC",
                                            "contents": ""
                                        }
                                    }
                                ]
                            }
                        ]
                    }
                ]
            }
        }
    ]
}