{
    "seed": -6653261448778210355,
    "samples": [
        {
            "tag": "ValueRight",
            "contents": {
                "tag": "ValueSeq",
                "contents": []
            }
        },
        {
            "tag": "ValueFalse"
        },
        {
            "tag": "ValueSome",
            "contents": {
                "tag": "ValueString",
                "contents": "\u0015\u0002}𥫅󔟹򘵽DCK􅽹}"
            }
        },
        {
            "tag": "ValueFalse"
        },
        {
            "tag": "ValueTrue"
        }
    ]
}